warning: loop-invariant storage operation inside a loop
  --> $DIR/loop_invariant_storage_access.rs:61:30
   |
LL |         let _: Option<i32> = env.storage().instance().get(&1); // Should Warn
   |                              ^^^^^^^^^^^^^^^^^^^^^^^^^^^^^^^^
   |
   = help: hoist this storage operation out of the loop
   = note: `#[warn(loop_invariant_storage_access)]` on by default

warning: storage read result is discarded
  --> $DIR/loop_invariant_storage_access.rs:61:30
   |
LL |         let _: Option<i32> = env.storage().instance().get(&1); // Should Warn
   |                              ^^^^^^^^^^^^^^^^^^^^^^^^^^^^^^^^
   |
   = help: delete the storage read or use its returned value
   = note: `#[warn(discarded_storage_read)]` on by default

warning: loop-invariant storage operation inside a loop
  --> $DIR/loop_invariant_storage_access.rs:61:30
   |
LL |         let _: Option<i32> = env.storage().instance().get(&1); // Should Warn
   |                              ^^^^^^^^^^^^^^^^^^^^^^^^
   |
   = help: hoist this storage operation out of the loop

warning: loop-invariant storage operation inside a loop
  --> $DIR/loop_invariant_storage_access.rs:61:30
   |
LL |         let _: Option<i32> = env.storage().instance().get(&1); // Should Warn
   |                              ^^^^^^^^^^^^^
   |
   = help: hoist this storage operation out of the loop

warning: storage read result is discarded
  --> $DIR/loop_invariant_storage_access.rs:69:30
   |
LL |         let _: Option<i32> = s.get(&1); // Should NOT warn
   |                              ^^^^^^^^^
   |
   = help: delete the storage read or use its returned value

warning: 5 warnings emitted

