warning: storage write without a corresponding read
  --> $DIR/option_wrapping_in_storage.rs:53:30
   |
LL |     env.storage().instance().set(&"key", &val); // Should Warn
   |                              ^^^^^^^^^^^^^^^^^
   |
   = help: consider reading the value before writing or using `.has()` to check existence
   = note: `#[warn(storage_write_without_read)]` on by default

warning: storage write without a corresponding read
  --> $DIR/option_wrapping_in_storage.rs:58:32
   |
LL |     env.storage().persistent().set(&1, &val); // Should Warn
   |                                ^^^^^^^^^^^^^
   |
   = help: consider reading the value before writing or using `.has()` to check existence

warning: storage write without a corresponding read
  --> $DIR/option_wrapping_in_storage.rs:63:32
   |
LL |     env.storage().persistent().set(&1, &val); // Should Warn
   |                                ^^^^^^^^^^^^^
   |
   = help: consider reading the value before writing or using `.has()` to check existence

warning: storage write without a corresponding read
  --> $DIR/option_wrapping_in_storage.rs:68:31
   |
LL |     env.storage().temporary().set(&"key", &val); // Should Warn
   |                               ^^^^^^^^^^^^^^^^^
   |
   = help: consider reading the value before writing or using `.has()` to check existence

warning: storage write without a corresponding read
  --> $DIR/option_wrapping_in_storage.rs:74:30
   |
LL |     env.storage().instance().set(&"key", &42u32); // Good — not Option
   |                              ^^^^^^^^^^^^^^^^^^^
   |
   = help: consider reading the value before writing or using `.has()` to check existence

warning: storage write without a corresponding read
  --> $DIR/option_wrapping_in_storage.rs:82:30
   |
LL |     env.storage().instance().set(&"key", &cfg); // Good — struct, not Option
   |                              ^^^^^^^^^^^^^^^^^
   |
   = help: consider reading the value before writing or using `.has()` to check existence

warning: storage write without a corresponding read
  --> $DIR/option_wrapping_in_storage.rs:87:32
   |
LL |     env.storage().persistent().set(&1, &val); // Good — String, not Option<String>
   |                                ^^^^^^^^^^^^^
   |
   = help: consider reading the value before writing or using `.has()` to check existence

warning: storage write without a corresponding read
  --> $DIR/option_wrapping_in_storage.rs:91:30
   |
LL |     env.storage().instance().set(&"flag", &true); // Good — bool
   |                              ^^^^^^^^^^^^^^^^^^^
   |
   = help: consider reading the value before writing or using `.has()` to check existence

warning: storage write without a corresponding read
  --> $DIR/option_wrapping_in_storage.rs:97:30
   |
LL |     env.storage().instance().set(&"key", &val); // Good (allowed)
   |                              ^^^^^^^^^^^^^^^^^
   |
   = help: consider reading the value before writing or using `.has()` to check existence

warning: 9 warnings emitted

