warning: req$DIRre_auth already called on this address in this function
  --> $DIR/redundant_req$DIRre_auth.rs:39:5
   |
LL |     addr.req$DIRre_auth(); //~ WARNING req$DIRre_auth already called on this address
   |     ^^^^^^^^^^^^^^^^^^^
   |
   = help: remove this duplicate authorization call; the first req$DIRre_auth on an address already establishes authorization for the entire invocation
   = note: `#[warn(redundant_req$DIRre_auth)]` on by default

warning: req$DIRre_auth already called on this address in this function
  --> $DIR/redundant_req$DIRre_auth.rs:46:5
   |
LL |     addr.req$DIRre_auth_for_args(&[1, 2]); //~ WARNING req$DIRre_auth already called on this address
   |     ^^^^^^^^^^^^^^^^^^^^^^^^^^^^^^^^^^^
   |
   = help: remove this duplicate authorization call; the first req$DIRre_auth on an address already establishes authorization for the entire invocation

warning: req$DIRre_auth already called on this address in this function
  --> $DIR/redundant_req$DIRre_auth.rs:53:5
   |
LL |     addr.req$DIRre_auth(); //~ WARNING req$DIRre_auth already called on this address
   |     ^^^^^^^^^^^^^^^^^^^
   |
   = help: remove this duplicate authorization call; the first req$DIRre_auth on an address already establishes authorization for the entire invocation

warning: 3 warnings emitted

